// Jest Snapshot v1, https://goo.gl/fbAQLP

exports[`Missions Grid Test fetch missions and display them with mission name, rocket name, launch site and launch year 1`] = `
<div
  class="App"
>
  <section
    class=""
  >
    <form
      class="form"
    >
      <nav
        role="navigation"
      >
        <ul>
          <li>
            <a
              aria-haspopup="true"
              href="#/"
            >
              Launch Sites
            </a>
            <ul
              aria-label="submenu"
              class="dropdown"
            >
              <li>
                <a
                  href="#/"
                >
                  Kwajalein Atoll
                </a>
              </li>
            </ul>
          </li>
          <li>
            <a
              aria-haspopup="true"
              href="#/"
            >
              Rockets
            </a>
            <ul
              aria-label="submenu"
              class="dropdown"
            >
              <li>
                <a
                  href="#/"
                >
                  Endouble Rocket
                </a>
              </li>
            </ul>
          </li>
          <li>
            <a
              aria-haspopup="true"
              href="#/"
            >
              Launch Year
            </a>
            <ul
              aria-label="submenu"
              class="dropdown"
            >
              <li>
                <a
                  href="#/"
                >
                  2018
                </a>
              </li>
            </ul>
          </li>
        </ul>
      </nav>
    </form>
  </section>
  <section
    class="missions"
  >
    <div
      class="mission"
    >
      <img
        alt="House 1"
        class="mission__img"
        src="https://images2.imgbox.com/3c/0e/T8iJcSN3_o.png"
      />
      <h5
        class="mission__name"
      >
        MissionTest
      </h5>
      <div
        class="mission__details"
      >
        <div
          class="mission__cardDetailItem"
        >
          <img
            alt="map pin icon"
            src="mapPin.png"
          />
          <p>
            Kwajalein Atoll
          </p>
        </div>
        <div
          class="mission__cardDetailItem"
        >
          <img
            alt="rocket icon"
            src="rocket.png"
          />
          <p>
            Endouble Rocket
          </p>
        </div>
        <div
          class="mission__cardDetailItem"
        >
          <img
            alt="rocket icon"
            src="launchedRocket.png"
          />
          <p>
            2018
          </p>
        </div>
      </div>
      <button
        class="btn mission__btn"
        type="button"
      >
        Detalhes
      </button>
    </div>
  </section>
</div>
`;
