// Jest Snapshot v1, https://goo.gl/fbAQLP

exports[`Modal renders correctly 1`] = `
<div
  className="Modal"
>
  <div
    className="Modal__content"
  >
    <button
      className="Modal__close-container"
      onClick={[Function]}
    >
      <svg
        className="Modal__close-icon"
        viewBox="0 0 40 40"
      >
        <path
          d="M 10,10 L 30,30 M 30,10 L 10,30"
        />
      </svg>
    </button>
    <div
      className="Modal__body"
    >
      Hello!
    </div>
  </div>
</div>
`;
